// Jest Snapshot v1, https://goo.gl/fbAQLP

exports[`ProjectHeaderStats renders the ProjectHeaderStats component and matches snapshot 1`] = `
<div>
  <div
    class="flex shrink-0 gap-12"
  >
    <div
      class="flex flex-col gap-1 text-end"
    >
      <span
        class="text-sm font-medium uppercase text-grey-500 dark:text-slate-200"
      >
        Payments
      </span>
      <span
        class="text-medium font-display text-4xl dark:text-slate-50"
      >
        420
      </span>
    </div>
    <div
      class="flex flex-col gap-1 text-end"
    >
      <span
        class="text-sm font-medium uppercase text-grey-500 dark:text-slate-200"
      >
        Total volume
      </span>
      <span
        class="text-medium font-display text-4xl dark:text-slate-50"
      >
        <span
          class="inline-flex items-center"
        >
          ~
          Îž
          <span>
            0
          </span>
        </span>
      </span>
    </div>
    <div
      class="flex flex-col gap-1 text-end"
      data-testid="project-header-trending-perc"
    >
      <span
        class="text-sm font-medium uppercase text-grey-500 dark:text-slate-200"
      >
        last 30 days
      </span>
      <span
        class="text-medium font-display text-4xl dark:text-slate-50"
      >
        +69%
      </span>
    </div>
  </div>
</div>
`;
