// Jest Snapshot v1, https://goo.gl/fbAQLP

exports[`TokensPerEth renders when \`currencyAmount\` is 1 1`] = `
<div>
  Receive 100 TKN 
</div>
`;
