// Jest Snapshot v1, https://goo.gl/fbAQLP

exports[`PayInput renders 1`] = `
<div>
  <div
    class="dark:slate-900 flex items-center gap-2 rounded-lg border border-grey-300 bg-white p-2 pl-3 dark:border-slate-500 dark:bg-slate-950"
  >
    <div
      class="flex items-center justify-center rounded-full p-1 transition-colors bg-bluebs-50 text-bluebs-500 dark:bg-bluebs-500 dark:text-bluebs-950 flex-0 h-7 w-7"
      data-testid="pay-input-currency-icon"
    >
      <svg
        class="h-full w-full"
        fill="none"
        height="1em"
        viewBox="0 0 24 24"
        width="1em"
        xmlns="http://www.w3.org/2000/svg"
      >
        <path
          clip-rule="evenodd"
          d="M18.9828 11.8686C19 11.878 19 11.8968 19 11.9155L19.0086 11.8968V11.9249V11.9437C19 11.9531 19 11.9718 19 11.9718C18.9914 11.9812 18.9914 11.9906 18.9914 11.9906C18.9828 12 18.9656 12.0188 18.9571 12.0188H18.9399L12.0687 15.773C12.0515 15.7918 12.0344 15.7918 12.0086 15.7918C11.9828 15.7918 11.9485 15.773 11.9485 15.773L5.0773 12.0188H5.06012C5.04294 12.0094 5.03436 12 5.02577 11.9906H5.01718V11.9812H5.00859C5 11.9718 5 11.9531 5 11.9531V11.9343V11.9061H5.00859C5.00859 11.8924 5.01319 11.8837 5.01903 11.8726C5.02116 11.8686 5.02347 11.8642 5.02577 11.8592V11.8498L11.8883 1.04693L11.9055 1.02816L11.9055 1.02815C11.9141 1.01877 11.9313 1 11.9399 1H11.9571H12C12.0086 1 12.0429 1.00939 12.0429 1.00939H12.0515C12.0687 1.01877 12.0773 1.02816 12.0859 1.03754L12.0859 1.03754L12.1031 1.05631L18.9828 11.8592V11.8686ZM12.0945 17.9505L18.3301 14.3464H18.3129C18.3816 14.3089 18.4589 14.3276 18.5018 14.3933C18.5534 14.459 18.5448 14.5529 18.5018 14.6092L12.1031 22.9437C12.0773 22.9812 12.0344 23 11.9914 23C11.9485 23 11.8798 22.9437 11.8798 22.9437L5.48098 14.6092C5.43804 14.5435 5.43804 14.459 5.48098 14.3933C5.53252 14.3276 5.60982 14.3089 5.66994 14.3464L11.9055 17.9505C11.9656 17.9881 12.0344 17.9881 12.0945 17.9505Z"
          fill="currentColor"
          fill-rule="evenodd"
        />
      </svg>
    </div>
    <input
      class="min-w-0 flex-1 bg-transparent text-base outline-none"
      data-testid="pay-input-input"
      value=""
    />
    <div
      class="flex select-none items-center gap-0.5 rounded py-1.5 pl-2 pr-3 text-xs font-medium transition-colors bg-bluebs-50 text-bluebs-600 dark:bg-bluebs-500 dark:text-bluebs-950"
      data-testid="pay-input-currency-button"
      role="button"
    >
      <svg
        aria-hidden="true"
        class="h-5 w-5"
        fill="none"
        stroke="currentColor"
        stroke-width="1.5"
        viewBox="0 0 24 24"
        xmlns="http://www.w3.org/2000/svg"
      >
        <path
          d="M19.5 8.25l-7.5 7.5-7.5-7.5"
          stroke-linecap="round"
          stroke-linejoin="round"
        />
      </svg>
      ETH
    </div>
  </div>
</div>
`;

exports[`PayInput renders with placeholder 1`] = `
<div>
  <div
    class="dark:slate-900 flex items-center gap-2 rounded-lg border border-grey-300 bg-white p-2 pl-3 dark:border-slate-500 dark:bg-slate-950"
  >
    <div
      class="flex items-center justify-center rounded-full p-1 transition-colors bg-bluebs-50 text-bluebs-500 dark:bg-bluebs-500 dark:text-bluebs-950 flex-0 h-7 w-7"
      data-testid="pay-input-currency-icon"
    >
      <svg
        class="h-full w-full"
        fill="none"
        height="1em"
        viewBox="0 0 24 24"
        width="1em"
        xmlns="http://www.w3.org/2000/svg"
      >
        <path
          clip-rule="evenodd"
          d="M18.9828 11.8686C19 11.878 19 11.8968 19 11.9155L19.0086 11.8968V11.9249V11.9437C19 11.9531 19 11.9718 19 11.9718C18.9914 11.9812 18.9914 11.9906 18.9914 11.9906C18.9828 12 18.9656 12.0188 18.9571 12.0188H18.9399L12.0687 15.773C12.0515 15.7918 12.0344 15.7918 12.0086 15.7918C11.9828 15.7918 11.9485 15.773 11.9485 15.773L5.0773 12.0188H5.06012C5.04294 12.0094 5.03436 12 5.02577 11.9906H5.01718V11.9812H5.00859C5 11.9718 5 11.9531 5 11.9531V11.9343V11.9061H5.00859C5.00859 11.8924 5.01319 11.8837 5.01903 11.8726C5.02116 11.8686 5.02347 11.8642 5.02577 11.8592V11.8498L11.8883 1.04693L11.9055 1.02816L11.9055 1.02815C11.9141 1.01877 11.9313 1 11.9399 1H11.9571H12C12.0086 1 12.0429 1.00939 12.0429 1.00939H12.0515C12.0687 1.01877 12.0773 1.02816 12.0859 1.03754L12.0859 1.03754L12.1031 1.05631L18.9828 11.8592V11.8686ZM12.0945 17.9505L18.3301 14.3464H18.3129C18.3816 14.3089 18.4589 14.3276 18.5018 14.3933C18.5534 14.459 18.5448 14.5529 18.5018 14.6092L12.1031 22.9437C12.0773 22.9812 12.0344 23 11.9914 23C11.9485 23 11.8798 22.9437 11.8798 22.9437L5.48098 14.6092C5.43804 14.5435 5.43804 14.459 5.48098 14.3933C5.53252 14.3276 5.60982 14.3089 5.66994 14.3464L11.9055 17.9505C11.9656 17.9881 12.0344 17.9881 12.0945 17.9505Z"
          fill="currentColor"
          fill-rule="evenodd"
        />
      </svg>
    </div>
    <input
      class="min-w-0 flex-1 bg-transparent text-base outline-none"
      data-testid="pay-input-input"
      placeholder="placeholder"
      value=""
    />
    <div
      class="flex select-none items-center gap-0.5 rounded py-1.5 pl-2 pr-3 text-xs font-medium transition-colors bg-bluebs-50 text-bluebs-600 dark:bg-bluebs-500 dark:text-bluebs-950"
      data-testid="pay-input-currency-button"
      role="button"
    >
      <svg
        aria-hidden="true"
        class="h-5 w-5"
        fill="none"
        stroke="currentColor"
        stroke-width="1.5"
        viewBox="0 0 24 24"
        xmlns="http://www.w3.org/2000/svg"
      >
        <path
          d="M19.5 8.25l-7.5 7.5-7.5-7.5"
          stroke-linecap="round"
          stroke-linejoin="round"
        />
      </svg>
      ETH
    </div>
  </div>
</div>
`;

exports[`PayInput renders with value 1`] = `
<div>
  <div
    class="dark:slate-900 flex items-center gap-2 rounded-lg border border-grey-300 bg-white p-2 pl-3 dark:border-slate-500 dark:bg-slate-950"
  >
    <div
      class="flex items-center justify-center rounded-full p-1 transition-colors bg-bluebs-50 text-bluebs-500 dark:bg-bluebs-500 dark:text-bluebs-950 flex-0 h-7 w-7"
      data-testid="pay-input-currency-icon"
    >
      <svg
        class="h-full w-full"
        fill="none"
        height="1em"
        viewBox="0 0 24 24"
        width="1em"
        xmlns="http://www.w3.org/2000/svg"
      >
        <path
          clip-rule="evenodd"
          d="M18.9828 11.8686C19 11.878 19 11.8968 19 11.9155L19.0086 11.8968V11.9249V11.9437C19 11.9531 19 11.9718 19 11.9718C18.9914 11.9812 18.9914 11.9906 18.9914 11.9906C18.9828 12 18.9656 12.0188 18.9571 12.0188H18.9399L12.0687 15.773C12.0515 15.7918 12.0344 15.7918 12.0086 15.7918C11.9828 15.7918 11.9485 15.773 11.9485 15.773L5.0773 12.0188H5.06012C5.04294 12.0094 5.03436 12 5.02577 11.9906H5.01718V11.9812H5.00859C5 11.9718 5 11.9531 5 11.9531V11.9343V11.9061H5.00859C5.00859 11.8924 5.01319 11.8837 5.01903 11.8726C5.02116 11.8686 5.02347 11.8642 5.02577 11.8592V11.8498L11.8883 1.04693L11.9055 1.02816L11.9055 1.02815C11.9141 1.01877 11.9313 1 11.9399 1H11.9571H12C12.0086 1 12.0429 1.00939 12.0429 1.00939H12.0515C12.0687 1.01877 12.0773 1.02816 12.0859 1.03754L12.0859 1.03754L12.1031 1.05631L18.9828 11.8592V11.8686ZM12.0945 17.9505L18.3301 14.3464H18.3129C18.3816 14.3089 18.4589 14.3276 18.5018 14.3933C18.5534 14.459 18.5448 14.5529 18.5018 14.6092L12.1031 22.9437C12.0773 22.9812 12.0344 23 11.9914 23C11.9485 23 11.8798 22.9437 11.8798 22.9437L5.48098 14.6092C5.43804 14.5435 5.43804 14.459 5.48098 14.3933C5.53252 14.3276 5.60982 14.3089 5.66994 14.3464L11.9055 17.9505C11.9656 17.9881 12.0344 17.9881 12.0945 17.9505Z"
          fill="currentColor"
          fill-rule="evenodd"
        />
      </svg>
    </div>
    <input
      class="min-w-0 flex-1 bg-transparent text-base outline-none"
      data-testid="pay-input-input"
      value="1"
    />
    <div
      class="flex select-none items-center gap-0.5 rounded py-1.5 pl-2 pr-3 text-xs font-medium transition-colors bg-bluebs-50 text-bluebs-600 dark:bg-bluebs-500 dark:text-bluebs-950"
      data-testid="pay-input-currency-button"
      role="button"
    >
      <svg
        aria-hidden="true"
        class="h-5 w-5"
        fill="none"
        stroke="currentColor"
        stroke-width="1.5"
        viewBox="0 0 24 24"
        xmlns="http://www.w3.org/2000/svg"
      >
        <path
          d="M19.5 8.25l-7.5 7.5-7.5-7.5"
          stroke-linecap="round"
          stroke-linejoin="round"
        />
      </svg>
      ETH
    </div>
  </div>
</div>
`;
