// Jest Snapshot v1, https://goo.gl/fbAQLP

exports[`TokensPerEth renders 1`] = `
<div>
  Receive 100 TKN/1 ETH
</div>
`;
