// Jest Snapshot v1, https://goo.gl/fbAQLP

exports[`CurrentCycleCard renders 1`] = `
<div>
  <div
    class="rounded-lg bg-smoke-50 py-5 px-6 dark:bg-slate-700 min-w-0 cursor-pointer pr-9"
  >
    <span
      class="inline-flex items-center gap-1"
    >
      <span
        class="truncate whitespace-nowrap text-base font-medium"
      >
        Current Cycle: #1
      </span>
      <svg
        aria-hidden="true"
        class="h-4 w-4 text-grey-500 dark:text-slate-200"
        fill="none"
        stroke="currentColor"
        stroke-width="1.5"
        viewBox="0 0 24 24"
        xmlns="http://www.w3.org/2000/svg"
      >
        <path
          d="M9.879 7.519c1.171-1.025 3.071-1.025 4.242 0 1.172 1.025 1.172 2.687 0 3.712-.203.179-.43.326-.67.442-.745.361-1.45.999-1.45 1.827v.75M21 12a9 9 0 11-18 0 9 9 0 0118 0zm-9 5.25h.008v.008H12v-.008z"
          stroke-linecap="round"
          stroke-linejoin="round"
        />
      </svg>
    </span>
    <div
      class="mt-4 flex min-w-0 items-center gap-2"
    >
      <div
        aria-label=""
        class="truncate text-2xl font-medium"
      >
        1 day
      </div>
      <svg
        aria-hidden="true"
        class="h-4 w-4 flex-shrink-0 text-smoke-400 dark:text-slate-300"
        fill="currentColor"
        viewBox="0 0 24 24"
        xmlns="http://www.w3.org/2000/svg"
      >
        <path
          clip-rule="evenodd"
          d="M12 1.5a5.25 5.25 0 00-5.25 5.25v3a3 3 0 00-3 3v6.75a3 3 0 003 3h10.5a3 3 0 003-3v-6.75a3 3 0 00-3-3v-3c0-2.9-2.35-5.25-5.25-5.25zm3.75 8.25v-3a3.75 3.75 0 10-7.5 0v3h7.5z"
          fill-rule="evenodd"
        />
      </svg>
    </div>
    <div
      aria-label=""
      class="truncate mt-2 text-smoke-500 dark:text-slate-200"
    >
      until Cycle #2
    </div>
  </div>
</div>
`;
