// Jest Snapshot v1, https://goo.gl/fbAQLP

exports[`PaymentCartItem renders 1`] = `
<div>
  <div
    class="flex min-w-0 items-center justify-between gap-4 border-b border-grey-200 py-5 dark:border-slate-500"
  >
    <div
      class="flex min-w-0 items-center"
    >
      <div
        class="flex items-center justify-center rounded-full p-1 transition-colors bg-bluebs-50 text-bluebs-500 dark:bg-bluebs-500 dark:text-bluebs-950 h-14 w-14"
        data-testid="pay-input-currency-icon"
      >
        <svg
          class="h-8 w-8"
          fill="none"
          height="1em"
          viewBox="0 0 24 24"
          width="1em"
          xmlns="http://www.w3.org/2000/svg"
        >
          <path
            clip-rule="evenodd"
            d="M18.9828 11.8686C19 11.878 19 11.8968 19 11.9155L19.0086 11.8968V11.9249V11.9437C19 11.9531 19 11.9718 19 11.9718C18.9914 11.9812 18.9914 11.9906 18.9914 11.9906C18.9828 12 18.9656 12.0188 18.9571 12.0188H18.9399L12.0687 15.773C12.0515 15.7918 12.0344 15.7918 12.0086 15.7918C11.9828 15.7918 11.9485 15.773 11.9485 15.773L5.0773 12.0188H5.06012C5.04294 12.0094 5.03436 12 5.02577 11.9906H5.01718V11.9812H5.00859C5 11.9718 5 11.9531 5 11.9531V11.9343V11.9061H5.00859C5.00859 11.8924 5.01319 11.8837 5.01903 11.8726C5.02116 11.8686 5.02347 11.8642 5.02577 11.8592V11.8498L11.8883 1.04693L11.9055 1.02816L11.9055 1.02815C11.9141 1.01877 11.9313 1 11.9399 1H11.9571H12C12.0086 1 12.0429 1.00939 12.0429 1.00939H12.0515C12.0687 1.01877 12.0773 1.02816 12.0859 1.03754L12.0859 1.03754L12.1031 1.05631L18.9828 11.8592V11.8686ZM12.0945 17.9505L18.3301 14.3464H18.3129C18.3816 14.3089 18.4589 14.3276 18.5018 14.3933C18.5534 14.459 18.5448 14.5529 18.5018 14.6092L12.1031 22.9437C12.0773 22.9812 12.0344 23 11.9914 23C11.9485 23 11.8798 22.9437 11.8798 22.9437L5.48098 14.6092C5.43804 14.5435 5.43804 14.459 5.48098 14.3933C5.53252 14.3276 5.60982 14.3089 5.66994 14.3464L11.9055 17.9505C11.9656 17.9881 12.0344 17.9881 12.0945 17.9505Z"
            fill="currentColor"
            fill-rule="evenodd"
          />
        </svg>
      </div>
      <span
        class="ml-3 min-w-0 font-medium dark:text-slate-50"
      >
        <span
          class="flex items-center gap-2"
        >
          <span>
            Payment
          </span>
        </span>
      </span>
    </div>
    <div
      class="flex items-center"
    >
      <span
        class="mr-4 text-sm font-medium"
      >
        Îž100
      </span>
      <svg
        aria-hidden="true"
        class="inline h-6 w-6 text-grey-400 dark:text-slate-300 md:h-4 md:w-4"
        data-testid="cart-item-remove-button"
        fill="none"
        role="button"
        stroke="currentColor"
        stroke-width="1.5"
        viewBox="0 0 24 24"
        xmlns="http://www.w3.org/2000/svg"
      >
        <path
          d="M14.74 9l-.346 9m-4.788 0L9.26 9m9.968-3.21c.342.052.682.107 1.022.166m-1.022-.165L18.16 19.673a2.25 2.25 0 01-2.244 2.077H8.084a2.25 2.25 0 01-2.244-2.077L4.772 5.79m14.456 0a48.108 48.108 0 00-3.478-.397m-12 .562c.34-.059.68-.114 1.022-.165m0 0a48.11 48.11 0 013.478-.397m7.5 0v-.916c0-1.18-.91-2.164-2.09-2.201a51.964 51.964 0 00-3.32 0c-1.18.037-2.09 1.022-2.09 2.201v.916m7.5 0a48.667 48.667 0 00-7.5 0"
          stroke-linecap="round"
          stroke-linejoin="round"
        />
      </svg>
    </div>
  </div>
</div>
`;
