// Jest Snapshot v1, https://goo.gl/fbAQLP

exports[`ProjectTokensCartItem renders 1`] = `
<div>
  <div
    class="flex min-w-0 items-center justify-between gap-4 border-b border-grey-200 py-5 dark:border-slate-500"
  >
    <div
      class="flex min-w-0 items-center"
    >
      <div>
        ProjectHeaderLogo
      </div>
      <span
        class="ml-3 min-w-0 font-medium dark:text-slate-50"
      >
        <div
          class="flex flex-col gap-1"
        >
          <span
            class="flex items-center gap-2"
          >
            <span>
              Project tokens
            </span>
            <svg
              aria-hidden="true"
              class="h-4 w-4 text-grey-400 dark:text-slate-200"
              fill="none"
              stroke="currentColor"
              stroke-width="1.5"
              viewBox="0 0 24 24"
              xmlns="http://www.w3.org/2000/svg"
            >
              <path
                d="M11.25 11.25l.041-.02a.75.75 0 011.063.852l-.708 2.836a.75.75 0 001.063.853l.041-.021M21 12a9 9 0 11-18 0 9 9 0 0118 0zm-9-3.75h.008v.008H12V8.25z"
                stroke-linecap="round"
                stroke-linejoin="round"
              />
            </svg>
            <span
              class="whitespace-nowrap rounded-2xl bg-grey-100 py-0.5 px-2 text-xs dark:bg-slate-500 dark:text-slate-100"
            >
              Token
            </span>
          </span>
          <span>
            100
          </span>
        </div>
      </span>
    </div>
    <div
      class="flex items-center"
    >
      <span
        class="mr-4 text-sm font-medium"
      >
        -
      </span>
    </div>
  </div>
</div>
`;
