// Jest Snapshot v1, https://goo.gl/fbAQLP

exports[`SummaryCollapsedView should render correctly 1`] = `
<div>
  <div
    class="flex w-full items-center justify-between gap-1 px-8 py-6"
  >
    <div
      class="flex min-w-0 items-center gap-4"
      data-testid="cart-summary-closed-view-summary"
    >
      <span
        class="font-heading text-xl font-medium md:text-2xl"
      >
        Summary
      </span>
      <div
        class="relative z-0 flex min-w-0 items-center"
      />
    </div>
    <div
      class="flex cursor-auto items-center gap-8"
      data-testid="cart-summary-closed-view-total"
    >
      <div
        class="flex items-center gap-4"
      >
        <span
          class="whitespace-nowrap text-sm text-grey-500 dark:text-slate-200"
        >
          Total to pay
        </span>
        <span
          class="text-2xl font-medium"
        >
          0.0000 ETH
        </span>
        <svg
          aria-hidden="true"
          class="h-5 w-5 text-grey-400 dark:text-slate-300"
          data-testid="cart-summary-closed-view-trash-icon"
          fill="none"
          role="button"
          stroke="currentColor"
          stroke-width="1.5"
          viewBox="0 0 24 24"
          xmlns="http://www.w3.org/2000/svg"
        >
          <path
            d="M14.74 9l-.346 9m-4.788 0L9.26 9m9.968-3.21c.342.052.682.107 1.022.166m-1.022-.165L18.16 19.673a2.25 2.25 0 01-2.244 2.077H8.084a2.25 2.25 0 01-2.244-2.077L4.772 5.79m14.456 0a48.108 48.108 0 00-3.478-.397m-12 .562c.34-.059.68-.114 1.022-.165m0 0a48.11 48.11 0 013.478-.397m7.5 0v-.916c0-1.18-.91-2.164-2.09-2.201a51.964 51.964 0 00-3.32 0c-1.18.037-2.09 1.022-2.09 2.201v.916m7.5 0a48.667 48.667 0 00-7.5 0"
            stroke-linecap="round"
            stroke-linejoin="round"
          />
        </svg>
      </div>
      <button
        class="ant-btn ant-btn-primary"
        type="button"
      >
        <span>
          Connect wallet
        </span>
      </button>
    </div>
  </div>
</div>
`;
