// Jest Snapshot v1, https://goo.gl/fbAQLP

exports[`Cart renders 1`] = `
<div>
  <div
    class="fixed inset-x-0 bottom-0 z-20 h-full cursor-pointer items-center justify-center border-t border-grey-200 bg-white drop-shadow transition-all dark:border-slate-500 dark:bg-slate-900 max-h-20 flex"
    data-testid="cart"
  >
    <div
      class="flex h-full w-full max-w-6xl items-center"
    >
      <div>
        SummaryCollapsedView
      </div>
      <svg
        aria-hidden="true"
        class="mr-4 h-8 w-8 flex-shrink-0"
        fill="none"
        role="button"
        stroke="currentColor"
        stroke-width="1.5"
        viewBox="0 0 24 24"
        xmlns="http://www.w3.org/2000/svg"
      >
        <path
          d="M4.5 15.75l7.5-7.5 7.5 7.5"
          stroke-linecap="round"
          stroke-linejoin="round"
        />
      </svg>
    </div>
  </div>
  <div>
    PayProjectModal
  </div>
</div>
`;
