// Jest Snapshot v1, https://goo.gl/fbAQLP

exports[`ReservedTokensSubPanel renders 1`] = `
<div>
  <div
    class=""
  >
    <h2
      class="mb-0 font-heading text-2xl font-medium"
    >
      Reserved tokens
    </h2>
    <div
      class="mt-5 flex flex-col items-center gap-4"
    >
      <div
        class="flex w-full items-center gap-4"
      >
        <div
          class="rounded-lg bg-smoke-50 py-5 px-6 dark:bg-slate-700 flex w-full flex-col gap-2"
        >
          <h3
            class="text-grey-60 font-body0 mb-0 whitespace-nowrap text-sm font-medium dark:text-slate-200"
          >
            Reserved tokens
          </h3>
          <span
            class="font-heading text-xl font-medium"
          >
            21%
          </span>
        </div>
        <div
          class="rounded-lg bg-smoke-50 py-5 px-6 dark:bg-slate-700 flex w-full flex-col gap-2"
        >
          <h3
            class="text-grey-60 font-body0 mb-0 whitespace-nowrap text-sm font-medium dark:text-slate-200"
          >
            Reserved rate
          </h3>
          <span
            class="font-heading text-xl font-medium"
          >
            82%
          </span>
        </div>
      </div>
      <div
        class="rounded-lg bg-smoke-50 py-5 px-6 dark:bg-slate-700 flex w-full flex-col pb-8"
      >
        <div
          class="flex items-center justify-between gap-3"
        >
          <h3
            class="mb-0 whitespace-nowrap font-body text-sm font-medium dark:text-slate-200"
          >
            Reserved tokens list
          </h3>
          <svg
            aria-hidden="true"
            class="h-6 w-6"
            fill="none"
            role="button"
            stroke="currentColor"
            stroke-width="1.5"
            viewBox="0 0 24 24"
            xmlns="http://www.w3.org/2000/svg"
          >
            <path
              d="M12 6.75a.75.75 0 110-1.5.75.75 0 010 1.5zM12 12.75a.75.75 0 110-1.5.75.75 0 010 1.5zM12 18.75a.75.75 0 110-1.5.75.75 0 010 1.5z"
              stroke-linecap="round"
              stroke-linejoin="round"
            />
          </svg>
        </div>
        <div
          class="mt-4 flex w-full flex-col divide-y divide-grey-200 border-b border-grey-200 dark:divide-slate-500 dark:border-slate-500"
        >
          <div>
            {"address":"0x00000","percent":"0%"}
          </div>
          <div>
            {"address":"0x00001","percent":"21%","projectId":1}
          </div>
        </div>
        <div>
          {"className":"mt-6 self-end"}
        </div>
      </div>
    </div>
  </div>
</div>
`;
