// Jest Snapshot v1, https://goo.gl/fbAQLP

exports[`PayProjectCard renders 1`] = `
<div>
  <div
    class="rounded-lg bg-smoke-50 py-5 dark:bg-slate-700 flex flex-col gap-2 px-4 md:pl-6 md:pr-9"
  >
    <div
      class="text-base font-medium"
    >
      <span
        class="inline-flex items-center gap-1"
      >
        <span>
          Pay Project
        </span>
        <svg
          aria-hidden="true"
          class="h-4 w-4 text-grey-500 dark:text-slate-200"
          fill="none"
          stroke="currentColor"
          stroke-width="1.5"
          viewBox="0 0 24 24"
          xmlns="http://www.w3.org/2000/svg"
        >
          <path
            d="M9.879 7.519c1.171-1.025 3.071-1.025 4.242 0 1.172 1.025 1.172 2.687 0 3.712-.203.179-.43.326-.67.442-.745.361-1.45.999-1.45 1.827v.75M21 12a9 9 0 11-18 0 9 9 0 0118 0zm-9 5.25h.008v.008H12v-.008z"
            stroke-linecap="round"
            stroke-linejoin="round"
          />
        </svg>
      </span>
    </div>
    <form
      class="flex flex-col gap-2"
    >
      <div
        class="flex flex-col gap-2 md:flex-row"
      >
        <input
          class="h-12 md:flex-1"
          data-testid="pay-input"
          name="payAmount"
          placeholder="0"
          value=""
        />
        <button
          class="ant-btn ant-btn-primary h-12 text-base h-12"
          style="height: 48px;"
          type="submit"
        >
          Add payment
        </button>
      </div>
      <div
        class="text-xs text-smoke-500 dark:text-slate-200"
        data-testid="pay-project-card-tokens-per-pay"
      >
        <div
          data-testid="tokens-per-eth"
        >
          {"currencyAmount":{"currency":1}}
        </div>
      </div>
    </form>
  </div>
</div>
`;
