// Jest Snapshot v1, https://goo.gl/fbAQLP

exports[`SummaryPayButton copy should render 1`] = `
<div>
  <button
    class="ant-btn ant-btn-primary"
    type="button"
  >
    <span>
      Pay project
    </span>
  </button>
</div>
`;
